// Jest Snapshot v1, https://goo.gl/fbAQLP

exports[`Header component renders Header 1`] = `
<div
  className="headerDiv"
>
  <h1>
    Hey Arnold
  </h1>
  <Link
    to="/"
  >
    Home
  </Link>
</div>
`;
