// Jest Snapshot v1, https://goo.gl/fbAQLP

exports[`Header component renders Header 1`] = `
<Fragment>
  <h1>
    Hey Arnold
  </h1>
  <p>
    Home
  </p>
</Fragment>
`;
